// Jest Snapshot v1, https://goo.gl/fbAQLP

exports[`<DateOfBirth /> should render a DateOfBirth 1`] = `ReactWrapper {}`;

exports[`<DateOfBirth /> should render a DateOfBirth 2`] = `ReactWrapper {}`;
