// Jest Snapshot v1, https://goo.gl/fbAQLP

exports[`<TextArea /> should render textarea field 1`] = `ReactWrapper {}`;

exports[`<TextArea /> should render textarea field with error 1`] = `ReactWrapper {}`;

exports[`<TextArea /> should render textarea field without error 1`] = `ReactWrapper {}`;
