// Jest Snapshot v1, https://goo.gl/fbAQLP

exports[`<TextInput /> should render input field 1`] = `ReactWrapper {}`;

exports[`<TextInput /> should render input field with error 1`] = `ReactWrapper {}`;

exports[`<TextInput /> should render input field without error 1`] = `ReactWrapper {}`;
